Metadata: time=Unknown tag=
Section Sizes (Total=0 bytes):
.bss: 0 bytes (not included in totals)
.data: 0 bytes (0.0%)
.data.rel.ro: 0 bytes (0.0%)
.data.rel.ro.local: 0 bytes (0.0%)
.rodata: 0 bytes (0.0%)
.text: 0 bytes (0.0%)

1 symbols added (+), 1 changed (~), 1 removed (-), 42 unchanged (not shown)
Showing 3 symbols with total size: 0 bytes
First columns are: running total, type, size
+        0 b@0x0         262144  third_party/fft_float.cc
+        0                       ff_cos_131072
~        0 b@0x0         -10     third_party/fft_fixed.cc
~        0                       ff_cos_131072_fixed
-        0 b@0x2dffe84   -4      third_party/icu/ucnv_ext.c
-        0                       g_AnimationFrameTimeHistogram_clazz
