GroupByNamespace()
Showing 10 symbols (10 unique) with total pss: 44309900 bytes
.text=0 bytes    .rodata=0 bytes    other=42.3mb     total=42.3mb
Number of object files: 5

First columns are: running total, address, pss
43519394 *@Group      43519394 {no path}
             {global} (count=33)
44309322 *@Group      789928  {no path}
             chrome::mojom (count=2)
44309522 *@Group      200     third_party/icu/ucnv_ext.c
             SaveHistogram (count=1)
44309682 *@Group      160     third_party/container.c
             base::android (count=3)
44309776 *@Group      94      third_party/container.c
             blink::PaintChunker (count=1)
44309832 *@Group      56      {no path}
             blink::ContiguousContainerBase (count=3)
44309864 *@Group      32      third_party/container.c
             chrome::mojom::FilePatcher (count=1)
44309888 *@Group      24      base/page_allocator.cc
             mojo (count=1)
44309896 *@Group      8       {no path}
             google::protobuf::internal (count=2)
44309900 *@Group      4       third_party/paint.cc
             blink::CSSValueKeywordsHash::findValueImpl (count=1)
GroupByNamespace(depth=1)
Showing 7 symbols (7 unique) with total pss: 44309900 bytes
.text=0 bytes    .rodata=0 bytes    other=42.3mb     total=42.3mb
Number of object files: 4

First columns are: running total, address, pss
43519394 *@Group      43519394 {no path}
             {global} (count=33)
44309354 *@Group      789960  {no path}
             chrome (count=3)
44309554 *@Group      200     third_party/icu/ucnv_ext.c
             SaveHistogram (count=1)
44309708 *@Group      154     {no path}
             blink (count=5)
44309868 *@Group      160     third_party/container.c
             base (count=3)
44309892 *@Group      24      base/page_allocator.cc
             mojo (count=1)
44309900 *@Group      8       {no path}
             google (count=2)
GroupByNamespace(depth=1, fallback=None)
Showing 7 symbols (7 unique) with total pss: 44309900 bytes
.text=0 bytes    .rodata=0 bytes    other=42.3mb     total=42.3mb
Number of object files: 4

First columns are: running total, address, pss
43519394 *@Group      43519394 {no path}
44309354 *@Group      789960  {no path}
             chrome (count=3)
44309554 *@Group      200     third_party/icu/ucnv_ext.c
             SaveHistogram (count=1)
44309708 *@Group      154     {no path}
             blink (count=5)
44309868 *@Group      160     third_party/container.c
             base (count=3)
44309892 *@Group      24      base/page_allocator.cc
             mojo (count=1)
44309900 *@Group      8       {no path}
             google (count=2)
GroupByNamespace(depth=1, min_count=2)
Showing 7 symbols (7 unique) with total pss: 44309900 bytes
.text=0 bytes    .rodata=0 bytes    other=42.3mb     total=42.3mb
Number of object files: 4

First columns are: running total, address, pss
43519394 *@Group      43519394 {no path}
             {global} (count=33)
44309354 *@Group      789960  {no path}
             chrome (count=3)
44309508 *@Group      154     {no path}
             blink (count=5)
44309668 *@Group      160     third_party/container.c
             base (count=3)
44309692 d@0x2cd8538  24      base/page_allocator.cc
             mojo::MessageReceiver [vtable]
44309700 *@Group      8       {no path}
             google (count=2)
44309700 b@0x2dffe80  200     third_party/icu/ucnv_ext.c
             SaveHistogram::atomic_histogram_pointer
